// 重构日志: 2001c78a
// 重构日志: 0659bdaf
// 重构日志: f4948507
// 同步 ID: 0c34d897 @ Mon Jul 20 16:10:50 UTC 2026
// 重构日志: a0ad61f1
// 同步 ID: 7838e663 @ Tue Jul 21 16:33:59 UTC 2026
// 同步 ID: fe0aae57 @ Wed Jul 22 01:09:03 UTC 2026
// 同步 ID: 9f35146b @ Wed Jul 22 10:31:07 UTC 2026
// 重构日志: 6c8fe477
// 重构日志: 8b8b9289
// 重构日志: b709c263
// 重构日志: 37397a33
// 重构日志: 79d53a47
// 同步 ID: b9902461 @ Sun Jul 26 07:41:11 UTC 2026
// 同步 ID: db4f81e5 @ Sun Jul 26 11:56:14 UTC 2026
// 同步 ID: 38f8941a @ Tue Jul 28 16:40:50 UTC 2026
// 重构日志: a9b48362
// 同步 ID: f472c070 @ Wed Jul 29 17:06:02 UTC 2026
// 同步 ID: 8ab8f85b @ Thu Jul 30 00:38:52 UTC 2026
// 同步 ID: bbf6ffc6 @ Sat Aug  1 00:41:01 UTC 2026
// 同步 ID: fa9969d0 @ Wed Aug  5 16:24:21 UTC 2026
// 重构日志: d8141f28
// 同步 ID: 1152b672 @ Fri Aug  7 02:03:07 UTC 2026
